// Jest Snapshot v1, https://goo.gl/fbAQLP

exports[`IconButton component IconButton renders correctly 1`] = `
<View
  accessibilityState={
    {
      "busy": undefined,
      "checked": undefined,
      "disabled": false,
      "expanded": undefined,
      "selected": undefined,
    }
  }
  accessibilityValue={
    {
      "max": undefined,
      "min": undefined,
      "now": undefined,
      "text": undefined,
    }
  }
  accessible={true}
  collapsable={false}
  focusable={true}
  onBlur={[Function]}
  onClick={[Function]}
  onFocus={[Function]}
  onResponderGrant={[Function]}
  onResponderMove={[Function]}
  onResponderRelease={[Function]}
  onResponderTerminate={[Function]}
  onResponderTerminationRequest={[Function]}
  onStartShouldSetResponder={[Function]}
  style={
    [
      {
        "alignItems": "center",
        "borderRadius": 100,
        "height": 80,
        "justifyContent": "center",
        "width": 80,
      },
      {
        "backgroundColor": "#413d46",
      },
      undefined,
      false,
    ]
  }
>
  <View
    color="#000"
    name="check"
    size={38}
  />
</View>
`;
